.text
00000000	024b0020	add	$0,$18,$11
00000004	23b1ffef	addi	$17,$29,-17
00000008	3841f0d1	xori	$1,$2,0xF0D1
