.text
00000000	01200011	mthi	$9
00000004	02400013	mtlo	$18
00000008	00009812	mflo	$19
0000000c	3c0b1234	lui	$11,0x1234
00000010	00640018	mult	$3,$4
00000014	00a7001b	divu	$5,$7
