.text
00000000	0233802a	slt	$16,$17,$19
00000004	2d6c2137	sltiu	$12,$11,0x2137
00000008	00163283	sra	$6,$22,10
0000000c	00183882	srl	$7,$24,2
